// Jest Snapshot v1, https://goo.gl/fbAQLP

exports[`The Menu renders as expected 1`] = `
<div
  className="outer-menu-container"
>
  <img
    alt="ByrdMR logo"
    className="byrd-logo"
    src="Logo.png"
  />
  <div
    className="inner-menu-container"
  >
    <button
      className="menu-trigger"
      onClick={[Function]}
    >
      <img
        alt="Menu button icon"
        src="menu.png"
      />
    </button>
    <nav
      className="menu inactive"
    >
      <ul>
        <li>
          <a
            href="#"
          >
            STORE
          </a>
        </li>
        <li>
          <a
            href="#"
          >
            exact to=
            /tutorials
            className='nav-link' activeClassName='selected' &gt;
            TUTORIALS
          </a>
        </li>
      </ul>
      <ul>
        <li>
          <a
            href="#"
          >
            BLOG
          </a>
        </li>
        <li>
          <a
            href="#"
          >
            exact to=
            /contact
            className='nav-link' activeClassName='selected' &gt;
            CONTACT
          </a>
        </li>
      </ul>
    </nav>
  </div>
</div>
`;
